// Jest Snapshot v1, https://goo.gl/fbAQLP

exports[`test on <GifGridItem /> should display the component correctly 1`] = `
<div
  className="card animate__animated animate__backInLeft"
>
  <img
    alt="A title"
    src="https://klk.com"
  />
  <p>
    A title
  </p>
</div>
`;
